{'loss': 2.8225, 'grad_norm': 4.286905765533447, 'learning_rate': 3.105263157894737e-05, 'epoch': 0.96}
{'eval_loss': 1.3416001796722412, 'eval_runtime': 2.2137, 'eval_samples_per_second': 90.347, 'eval_steps_per_second': 22.587, 'epoch': 1.0}
{'loss': 1.4281, 'grad_norm': 3.5171585083007812, 'learning_rate': 4.933147632311978e-05, 'epoch': 1.912}
{'eval_loss': 1.09392511844635, 'eval_runtime': 2.1661, 'eval_samples_per_second': 92.33, 'eval_steps_per_second': 23.082, 'epoch': 2.0}
{'loss': 1.2011, 'grad_norm': 3.544093132019043, 'learning_rate': 4.766016713091922e-05, 'epoch': 2.864}
{'eval_loss': 0.862230658531189, 'eval_runtime': 2.1833, 'eval_samples_per_second': 91.604, 'eval_steps_per_second': 22.901, 'epoch': 3.0}
{'loss': 1.0169, 'grad_norm': 5.413453578948975, 'learning_rate': 4.5988857938718665e-05, 'epoch': 3.816}
{'eval_loss': 0.7049407958984375, 'eval_runtime': 2.1769, 'eval_samples_per_second': 91.874, 'eval_steps_per_second': 22.968, 'epoch': 4.0}
{'loss': 0.903, 'grad_norm': 6.186020851135254, 'learning_rate': 4.4317548746518104e-05, 'epoch': 4.768}
{'eval_loss': 0.6182639002799988, 'eval_runtime': 2.2192, 'eval_samples_per_second': 90.123, 'eval_steps_per_second': 22.531, 'epoch': 5.0}
{'loss': 0.7899, 'grad_norm': 4.761815071105957, 'learning_rate': 4.264623955431755e-05, 'epoch': 5.72}
{'eval_loss': 0.5406811833381653, 'eval_runtime': 2.1727, 'eval_samples_per_second': 92.05, 'eval_steps_per_second': 23.013, 'epoch': 6.0}
{'loss': 0.7133, 'grad_norm': 4.177140712738037, 'learning_rate': 4.0974930362116995e-05, 'epoch': 6.672}
{'eval_loss': 0.5376150012016296, 'eval_runtime': 2.1706, 'eval_samples_per_second': 92.141, 'eval_steps_per_second': 23.035, 'epoch': 7.0}
{'loss': 0.6611, 'grad_norm': 3.889000415802002, 'learning_rate': 3.930362116991644e-05, 'epoch': 7.624}
{'eval_loss': 0.46242669224739075, 'eval_runtime': 2.2181, 'eval_samples_per_second': 90.167, 'eval_steps_per_second': 22.542, 'epoch': 8.0}
{'loss': 0.629, 'grad_norm': 3.676652669906616, 'learning_rate': 3.763231197771588e-05, 'epoch': 8.576}
{'eval_loss': 0.4299517571926117, 'eval_runtime': 2.2124, 'eval_samples_per_second': 90.4, 'eval_steps_per_second': 22.6, 'epoch': 9.0}
{'loss': 0.5955, 'grad_norm': 3.577221393585205, 'learning_rate': 3.5961002785515325e-05, 'epoch': 9.528}
{'eval_loss': 0.44161513447761536, 'eval_runtime': 2.1779, 'eval_samples_per_second': 91.833, 'eval_steps_per_second': 22.958, 'epoch': 10.0}
{'loss': 0.5974, 'grad_norm': 3.1425726413726807, 'learning_rate': 3.4289693593314764e-05, 'epoch': 10.48}
{'eval_loss': 0.42027926445007324, 'eval_runtime': 2.1832, 'eval_samples_per_second': 91.609, 'eval_steps_per_second': 22.902, 'epoch': 11.0}
{'loss': 0.5388, 'grad_norm': 2.82932710647583, 'learning_rate': 3.261838440111421e-05, 'epoch': 11.432}
{'eval_loss': 0.4504629373550415, 'eval_runtime': 2.2577, 'eval_samples_per_second': 88.584, 'eval_steps_per_second': 22.146, 'epoch': 12.0}
{'loss': 0.5349, 'grad_norm': 6.6974897384643555, 'learning_rate': 3.094707520891365e-05, 'epoch': 12.384}
{'eval_loss': 0.39979538321495056, 'eval_runtime': 2.1855, 'eval_samples_per_second': 91.51, 'eval_steps_per_second': 22.878, 'epoch': 13.0}
{'loss': 0.5191, 'grad_norm': 2.8883655071258545, 'learning_rate': 2.927576601671309e-05, 'epoch': 13.336}
{'eval_loss': 0.3633836507797241, 'eval_runtime': 2.2177, 'eval_samples_per_second': 90.184, 'eval_steps_per_second': 22.546, 'epoch': 14.0}
{'loss': 0.4846, 'grad_norm': 4.287776470184326, 'learning_rate': 2.7604456824512536e-05, 'epoch': 14.288}
{'eval_loss': 0.3555290102958679, 'eval_runtime': 2.2203, 'eval_samples_per_second': 90.078, 'eval_steps_per_second': 22.52, 'epoch': 15.0}
{'loss': 0.492, 'grad_norm': 2.6692874431610107, 'learning_rate': 2.5933147632311978e-05, 'epoch': 15.24}
{'eval_loss': 0.3492090702056885, 'eval_runtime': 2.2182, 'eval_samples_per_second': 90.162, 'eval_steps_per_second': 22.541, 'epoch': 16.0}
{'loss': 0.476, 'grad_norm': 4.4230241775512695, 'learning_rate': 2.4261838440111424e-05, 'epoch': 16.192}
{'eval_loss': 0.3555515706539154, 'eval_runtime': 2.2254, 'eval_samples_per_second': 89.871, 'eval_steps_per_second': 22.468, 'epoch': 17.0}
{'loss': 0.4564, 'grad_norm': 3.7664191722869873, 'learning_rate': 2.2590529247910863e-05, 'epoch': 17.144}
{'eval_loss': 0.34135890007019043, 'eval_runtime': 2.3055, 'eval_samples_per_second': 86.747, 'eval_steps_per_second': 21.687, 'epoch': 18.0}
{'loss': 0.4537, 'grad_norm': 2.5775372982025146, 'learning_rate': 2.0919220055710305e-05, 'epoch': 18.096}
{'eval_loss': 0.34447938203811646, 'eval_runtime': 3.659, 'eval_samples_per_second': 54.66, 'eval_steps_per_second': 13.665, 'epoch': 19.0}
{'loss': 0.4391, 'grad_norm': 2.03181791305542, 'learning_rate': 1.924791086350975e-05, 'epoch': 19.048}
{'loss': 0.4314, 'grad_norm': 3.083548069000244, 'learning_rate': 1.7576601671309193e-05, 'epoch': 20.0}
{'eval_loss': 0.34199416637420654, 'eval_runtime': 3.5814, 'eval_samples_per_second': 55.843, 'eval_steps_per_second': 13.961, 'epoch': 20.0}
{'loss': 0.4153, 'grad_norm': 4.349342346191406, 'learning_rate': 1.5905292479108635e-05, 'epoch': 20.96}
{'eval_loss': 0.33266058564186096, 'eval_runtime': 3.2388, 'eval_samples_per_second': 61.751, 'eval_steps_per_second': 15.438, 'epoch': 21.0}
{'loss': 0.4208, 'grad_norm': 6.058919906616211, 'learning_rate': 1.4233983286908079e-05, 'epoch': 21.912}
{'eval_loss': 0.3314778208732605, 'eval_runtime': 3.5595, 'eval_samples_per_second': 56.188, 'eval_steps_per_second': 14.047, 'epoch': 22.0}
{'loss': 0.4069, 'grad_norm': 3.1135010719299316, 'learning_rate': 1.2562674094707521e-05, 'epoch': 22.864}
{'eval_loss': 0.3295728266239166, 'eval_runtime': 3.5353, 'eval_samples_per_second': 56.573, 'eval_steps_per_second': 14.143, 'epoch': 23.0}
{'loss': 0.4191, 'grad_norm': 2.031719923019409, 'learning_rate': 1.0891364902506965e-05, 'epoch': 23.816}
{'eval_loss': 0.32959043979644775, 'eval_runtime': 3.5387, 'eval_samples_per_second': 56.518, 'eval_steps_per_second': 14.129, 'epoch': 24.0}
{'loss': 0.4104, 'grad_norm': 2.462259531021118, 'learning_rate': 9.220055710306407e-06, 'epoch': 24.768}
{'eval_loss': 0.3269198536872864, 'eval_runtime': 3.5447, 'eval_samples_per_second': 56.423, 'eval_steps_per_second': 14.106, 'epoch': 25.0}
{'loss': 0.3976, 'grad_norm': 2.4016101360321045, 'learning_rate': 7.548746518105849e-06, 'epoch': 25.72}
{'eval_loss': 0.3175312876701355, 'eval_runtime': 3.564, 'eval_samples_per_second': 56.117, 'eval_steps_per_second': 14.029, 'epoch': 26.0}
{'loss': 0.3945, 'grad_norm': 3.6012279987335205, 'learning_rate': 5.877437325905292e-06, 'epoch': 26.672}
{'eval_loss': 0.31852248311042786, 'eval_runtime': 3.5315, 'eval_samples_per_second': 56.633, 'eval_steps_per_second': 14.158, 'epoch': 27.0}
{'loss': 0.3972, 'grad_norm': 3.023136615753174, 'learning_rate': 4.206128133704735e-06, 'epoch': 27.624}
{'eval_loss': 0.31958624720573425, 'eval_runtime': 3.5388, 'eval_samples_per_second': 56.516, 'eval_steps_per_second': 14.129, 'epoch': 28.0}
{'loss': 0.3794, 'grad_norm': 3.5392563343048096, 'learning_rate': 2.5348189415041784e-06, 'epoch': 28.576}
{'eval_loss': 0.31885311007499695, 'eval_runtime': 3.5351, 'eval_samples_per_second': 56.575, 'eval_steps_per_second': 14.144, 'epoch': 29.0}
{'loss': 0.4129, 'grad_norm': 3.2088623046875, 'learning_rate': 8.635097493036213e-07, 'epoch': 29.528}
{'eval_loss': 0.3177534341812134, 'eval_runtime': 3.5442, 'eval_samples_per_second': 56.43, 'eval_steps_per_second': 14.107, 'epoch': 30.0}
{'train_runtime': 3879.0842, 'train_samples_per_second': 7.734, 'train_steps_per_second': 0.487, 'train_loss': 0.648094447201522, 'epoch': 30.0}
***** train metrics *****
  epoch                    =       30.0
  train_loss               =     0.6481
  train_runtime            = 1:04:39.08
  train_samples_per_second =      7.734
  train_steps_per_second   =      0.487
{'eval_loss': 0.3177534341812134, 'eval_runtime': 3.2892, 'eval_samples_per_second': 60.805, 'eval_steps_per_second': 15.201, 'epoch': 30.0}
***** eval metrics *****
  epoch                   =       30.0
  eval_loss               =     0.3178
  eval_runtime            = 0:00:03.28
  eval_samples_per_second =     60.805
  eval_steps_per_second   =     15.201
Fine-tuned model saved to outputs/finetuned/google-flan-t5-base_6x6
